MPLINK 5.08, LINKER
Linker Map File - Created Fri Sep 22 12:06:59 2023

                                 Section Info
                  Section       Type    Address   Location Size(Bytes)
                ---------  ---------  ---------  ---------  ---------
                   .org_0       code   0x000000    program   0x000002
                   .cinit    romdata   0x000001    program   0x000004
                   .org_1       code   0x000004    program   0x00002a



                              Program Memory Usage 
                               Start         End      
                           ---------   ---------      
                            0x000000    0x000002      
                            0x000004    0x000018      
            24 out of 2182 program addresses used, program memory utilization is 1%



                              Symbols - Sorted by Name
                     Name    Address   Location    Storage File                     
                ---------  ---------  ---------  --------- ---------                
                   BUTTON   0x000010    program     static C:\Users\engen\Documents\1. Iago\2. Programador\Microprocessadores\Terceira Pratica.X\Ligar LEd.asm
                      OFF   0x000016    program     static C:\Users\engen\Documents\1. Iago\2. Programador\Microprocessadores\Terceira Pratica.X\Ligar LEd.asm
                       ON   0x000013    program     static C:\Users\engen\Documents\1. Iago\2. Programador\Microprocessadores\Terceira Pratica.X\Ligar LEd.asm
                    START   0x000005    program     static C:\Users\engen\Documents\1. Iago\2. Programador\Microprocessadores\Terceira Pratica.X\Ligar LEd.asm



                              Symbols - Sorted by Address
                     Name    Address   Location    Storage File                     
                ---------  ---------  ---------  --------- ---------                
                    START   0x000005    program     static C:\Users\engen\Documents\1. Iago\2. Programador\Microprocessadores\Terceira Pratica.X\Ligar LEd.asm
                   BUTTON   0x000010    program     static C:\Users\engen\Documents\1. Iago\2. Programador\Microprocessadores\Terceira Pratica.X\Ligar LEd.asm
                       ON   0x000013    program     static C:\Users\engen\Documents\1. Iago\2. Programador\Microprocessadores\Terceira Pratica.X\Ligar LEd.asm
                      OFF   0x000016    program     static C:\Users\engen\Documents\1. Iago\2. Programador\Microprocessadores\Terceira Pratica.X\Ligar LEd.asm


