MPLINK 5.08, LINKER
Linker Map File - Created Tue Sep 26 20:25:31 2023

                                 Section Info
                  Section       Type    Address   Location Size(Bytes)
                ---------  ---------  ---------  ---------  ---------
                   .org_0       code   0x000000    program   0x000002
                   .cinit    romdata   0x000001    program   0x000004
                   .org_1       code   0x000004    program   0x000042



                              Program Memory Usage 
                               Start         End      
                           ---------   ---------      
                            0x000000    0x000002      
                            0x000004    0x000024      
            36 out of 2182 program addresses used, program memory utilization is 1%



                              Symbols - Sorted by Name
                     Name    Address   Location    Storage File                     
                ---------  ---------  ---------  --------- ---------                
                      FIM   0x000024    program     static C:\Users\engen\Documents\1. Iago\2. Programador\Microprocessadores\Timer0.X\interuption.asm
              FREQUENCIA0   0x00000a    program     static C:\Users\engen\Documents\1. Iago\2. Programador\Microprocessadores\Timer0.X\interuption.asm
              FREQUENCIA1   0x00000f    program     static C:\Users\engen\Documents\1. Iago\2. Programador\Microprocessadores\Timer0.X\interuption.asm
                    start   0x000014    program     static C:\Users\engen\Documents\1. Iago\2. Programador\Microprocessadores\Timer0.X\interuption.asm



                              Symbols - Sorted by Address
                     Name    Address   Location    Storage File                     
                ---------  ---------  ---------  --------- ---------                
              FREQUENCIA0   0x00000a    program     static C:\Users\engen\Documents\1. Iago\2. Programador\Microprocessadores\Timer0.X\interuption.asm
              FREQUENCIA1   0x00000f    program     static C:\Users\engen\Documents\1. Iago\2. Programador\Microprocessadores\Timer0.X\interuption.asm
                    start   0x000014    program     static C:\Users\engen\Documents\1. Iago\2. Programador\Microprocessadores\Timer0.X\interuption.asm
                      FIM   0x000024    program     static C:\Users\engen\Documents\1. Iago\2. Programador\Microprocessadores\Timer0.X\interuption.asm


