MPLINK 5.08, LINKER
Linker Map File - Created Sun Sep 24 11:39:52 2023

                                 Section Info
                  Section       Type    Address   Location Size(Bytes)
                ---------  ---------  ---------  ---------  ---------
                   .org_0       code   0x000000    program   0x000002
                   .cinit    romdata   0x000001    program   0x000004
                   .org_1       code   0x000004    program   0x000048



                              Program Memory Usage 
                               Start         End      
                           ---------   ---------      
                            0x000000    0x000002      
                            0x000004    0x000027      
            39 out of 2182 program addresses used, program memory utilization is 1%



                              Symbols - Sorted by Name
                     Name    Address   Location    Storage File                     
                ---------  ---------  ---------  --------- ---------                
                    DELAY   0x00001b    program     static C:\Users\engen\Documents\1. Iago\2. Programador\Microprocessadores\Pratica2.X\ex1.asm
              DELAY_LOOP0   0x00001d    program     static C:\Users\engen\Documents\1. Iago\2. Programador\Microprocessadores\Pratica2.X\ex1.asm
              DELAY_LOOP1   0x00001f    program     static C:\Users\engen\Documents\1. Iago\2. Programador\Microprocessadores\Pratica2.X\ex1.asm
              DELAY_LOOP2   0x000021    program     static C:\Users\engen\Documents\1. Iago\2. Programador\Microprocessadores\Pratica2.X\ex1.asm
                     MAIN   0x000012    program     static C:\Users\engen\Documents\1. Iago\2. Programador\Microprocessadores\Pratica2.X\ex1.asm
                    START   0x000005    program     static C:\Users\engen\Documents\1. Iago\2. Programador\Microprocessadores\Pratica2.X\ex1.asm



                              Symbols - Sorted by Address
                     Name    Address   Location    Storage File                     
                ---------  ---------  ---------  --------- ---------                
                    START   0x000005    program     static C:\Users\engen\Documents\1. Iago\2. Programador\Microprocessadores\Pratica2.X\ex1.asm
                     MAIN   0x000012    program     static C:\Users\engen\Documents\1. Iago\2. Programador\Microprocessadores\Pratica2.X\ex1.asm
                    DELAY   0x00001b    program     static C:\Users\engen\Documents\1. Iago\2. Programador\Microprocessadores\Pratica2.X\ex1.asm
              DELAY_LOOP0   0x00001d    program     static C:\Users\engen\Documents\1. Iago\2. Programador\Microprocessadores\Pratica2.X\ex1.asm
              DELAY_LOOP1   0x00001f    program     static C:\Users\engen\Documents\1. Iago\2. Programador\Microprocessadores\Pratica2.X\ex1.asm
              DELAY_LOOP2   0x000021    program     static C:\Users\engen\Documents\1. Iago\2. Programador\Microprocessadores\Pratica2.X\ex1.asm


