MPLINK 5.08, LINKER
Linker Map File - Created Sat Sep 23 15:12:09 2023

                                 Section Info
                  Section       Type    Address   Location Size(Bytes)
                ---------  ---------  ---------  ---------  ---------
                   .org_0       code   0x000000    program   0x000002
                   .cinit    romdata   0x000001    program   0x000004
                   .org_1       code   0x000004    program   0x000044



                              Program Memory Usage 
                               Start         End      
                           ---------   ---------      
                            0x000000    0x000002      
                            0x000004    0x000025      
            37 out of 2182 program addresses used, program memory utilization is 1%



                              Symbols - Sorted by Name
                     Name    Address   Location    Storage File                     
                ---------  ---------  ---------  --------- ---------                
                   button   0x000011    program     static C:\Users\engen\Documents\1. Iago\2. Programador\Microprocessadores\Proj4.X\pratica4.asm
                   class0   0x000017    program     static C:\Users\engen\Documents\1. Iago\2. Programador\Microprocessadores\Proj4.X\pratica4.asm
                   class1   0x000014    program     static C:\Users\engen\Documents\1. Iago\2. Programador\Microprocessadores\Proj4.X\pratica4.asm
                  number0   0x00001a    program     static C:\Users\engen\Documents\1. Iago\2. Programador\Microprocessadores\Proj4.X\pratica4.asm
                  number1   0x00001d    program     static C:\Users\engen\Documents\1. Iago\2. Programador\Microprocessadores\Proj4.X\pratica4.asm
                  number2   0x000020    program     static C:\Users\engen\Documents\1. Iago\2. Programador\Microprocessadores\Proj4.X\pratica4.asm
                  number3   0x000023    program     static C:\Users\engen\Documents\1. Iago\2. Programador\Microprocessadores\Proj4.X\pratica4.asm
                    start   0x000005    program     static C:\Users\engen\Documents\1. Iago\2. Programador\Microprocessadores\Proj4.X\pratica4.asm



                              Symbols - Sorted by Address
                     Name    Address   Location    Storage File                     
                ---------  ---------  ---------  --------- ---------                
                    start   0x000005    program     static C:\Users\engen\Documents\1. Iago\2. Programador\Microprocessadores\Proj4.X\pratica4.asm
                   button   0x000011    program     static C:\Users\engen\Documents\1. Iago\2. Programador\Microprocessadores\Proj4.X\pratica4.asm
                   class1   0x000014    program     static C:\Users\engen\Documents\1. Iago\2. Programador\Microprocessadores\Proj4.X\pratica4.asm
                   class0   0x000017    program     static C:\Users\engen\Documents\1. Iago\2. Programador\Microprocessadores\Proj4.X\pratica4.asm
                  number0   0x00001a    program     static C:\Users\engen\Documents\1. Iago\2. Programador\Microprocessadores\Proj4.X\pratica4.asm
                  number1   0x00001d    program     static C:\Users\engen\Documents\1. Iago\2. Programador\Microprocessadores\Proj4.X\pratica4.asm
                  number2   0x000020    program     static C:\Users\engen\Documents\1. Iago\2. Programador\Microprocessadores\Proj4.X\pratica4.asm
                  number3   0x000023    program     static C:\Users\engen\Documents\1. Iago\2. Programador\Microprocessadores\Proj4.X\pratica4.asm


